// Jest Snapshot v1, https://goo.gl/fbAQLP

exports[`loadIdeas Saga should dispatch the ideasLoaded action if it requests the data successfully 1`] = `
Object {
  "@@redux-saga/IO": true,
  "CALL": Object {
    "args": Array [],
    "context": null,
    "fn": [Function],
  },
}
`;

exports[`loadIdeas Saga should dispatch the ideasLoaded action if it requests the data successfully 2`] = `
Object {
  "@@redux-saga/IO": true,
  "PUT": Object {
    "action": Object {
      "ideas": undefined,
      "type": "LOAD_IDEA_SUCCESS",
    },
    "channel": null,
  },
}
`;
